Dependência preparada: /mnt/c/Users/Luciano/Desktop/Projetos/puc/testes-automatizados-sentinela/.pacotes/sentinela-1.0.0-py3-none-any.whl
Processing ./.pacotes/sentinela-1.0.0-py3-none-any.whl (from -r requirements.txt (line 2))
Collecting numpy<3,>=2.3 (from -r requirements.txt (line 3))
  Downloading numpy-2.5.3-cp314-cp314-manylinux_2_27_x86_64.manylinux_2_28_x86_64.whl.metadata (6.6 kB)
Collecting pandas<3,>=2.3 (from -r requirements.txt (line 4))
  Downloading pandas-2.3.3-cp314-cp314-manylinux_2_24_x86_64.manylinux_2_28_x86_64.whl.metadata (91 kB)
Collecting scipy<2,>=1.16 (from -r requirements.txt (line 6))
  Downloading scipy-1.18.1-cp314-cp314-manylinux_2_27_x86_64.manylinux_2_28_x86_64.whl.metadata (62 kB)
Collecting pytest<10,>=8.4 (from -r requirements.txt (line 7))
  Downloading pytest-9.1.1-py3-none-any.whl.metadata (7.6 kB)
Collecting pytest-cov<8,>=7 (from -r requirements.txt (line 8))
  Downloading pytest_cov-7.1.0-py3-none-any.whl.metadata (32 kB)
Collecting ruff<1,>=0.14 (from -r requirements.txt (line 9))
  Downloading ruff-0.16.7-py3-none-manylinux_2_17_x86_64.manylinux2014_x86_64.whl.metadata (20 kB)
Collecting mypy<2,>=1.18 (from -r requirements.txt (line 10))
  Downloading mypy-1.20.2-cp314-cp314-manylinux2014_x86_64.manylinux_2_17_x86_64.manylinux_2_28_x86_64.whl.metadata (2.4 kB)
Collecting pandas-stubs<3,>=2.3 (from -r requirements.txt (line 12))
  Downloading pandas_stubs-2.3.3.260113-py3-none-any.whl.metadata (10 kB)
Collecting python-dateutil>=2.8.2 (from pandas<3,>=2.3->-r requirements.txt (line 4))
  Downloading python_dateutil-2.9.0.post0-py2.py3-none-any.whl.metadata (8.4 kB)
Collecting pytz>=2020.1 (from pandas<3,>=2.3->-r requirements.txt (line 4))
  Downloading pytz-2026.3.post1-py2.py3-none-any.whl.metadata (22 kB)
Collecting tzdata>=2022.7 (from pandas<3,>=2.3->-r requirements.txt (line 4))
  Downloading tzdata-2026.4-py2.py3-none-any.whl.metadata (1.4 kB)
Collecting iniconfig>=1.0.1 (from pytest<10,>=8.4->-r requirements.txt (line 7))
  Downloading iniconfig-2.3.0-py3-none-any.whl.metadata (2.5 kB)
Collecting packaging>=22 (from pytest<10,>=8.4->-r requirements.txt (line 7))
  Downloading packaging-26.3-py3-none-any.whl.metadata (3.5 kB)
Collecting pluggy<2,>=1.5 (from pytest<10,>=8.4->-r requirements.txt (line 7))
  Downloading pluggy-1.6.0-py3-none-any.whl.metadata (4.8 kB)
Collecting pygments>=2.7.2 (from pytest<10,>=8.4->-r requirements.txt (line 7))
  Downloading pygments-2.21.0-py3-none-any.whl.metadata (2.5 kB)
Collecting coverage>=7.10.6 (from coverage[toml]>=7.10.6->pytest-cov<8,>=7->-r requirements.txt (line 8))
  Downloading coverage-7.16.0-cp314-cp314-manylinux1_x86_64.manylinux_2_28_x86_64.manylinux_2_5_x86_64.whl.metadata (8.6 kB)
Collecting typing_extensions>=4.6.0 (from mypy<2,>=1.18->-r requirements.txt (line 10))
  Downloading typing_extensions-4.16.0-py3-none-any.whl.metadata (3.3 kB)
Collecting mypy_extensions>=1.0.0 (from mypy<2,>=1.18->-r requirements.txt (line 10))
  Downloading mypy_extensions-1.1.0-py3-none-any.whl.metadata (1.1 kB)
Collecting pathspec>=1.0.0 (from mypy<2,>=1.18->-r requirements.txt (line 10))
  Downloading pathspec-1.1.1-py3-none-any.whl.metadata (14 kB)
Collecting librt>=0.8.0 (from mypy<2,>=1.18->-r requirements.txt (line 10))
  Downloading librt-0.15.0-cp314-cp314-manylinux2014_x86_64.manylinux_2_17_x86_64.manylinux_2_28_x86_64.whl.metadata (1.3 kB)
Collecting types-pytz>=2022.1.1 (from pandas-stubs<3,>=2.3->-r requirements.txt (line 12))
  Downloading types_pytz-2026.3.1.20260727-py3-none-any.whl.metadata (1.7 kB)
Collecting six>=1.5 (from python-dateutil>=2.8.2->pandas<3,>=2.3->-r requirements.txt (line 4))
  Downloading six-1.17.0-py2.py3-none-any.whl.metadata (1.7 kB)
Downloading numpy-2.5.3-cp314-cp314-manylinux_2_27_x86_64.manylinux_2_28_x86_64.whl (16.7 MB)
   ━━━━━━━━━━━━━━━━━━━━━━━━━━━━━━━━━━━━━━━━ 16.7/16.7 MB 10.0 MB/s eta 0:00:00
Downloading pandas-2.3.3-cp314-cp314-manylinux_2_24_x86_64.manylinux_2_28_x86_64.whl (12.3 MB)
   ━━━━━━━━━━━━━━━━━━━━━━━━━━━━━━━━━━━━━━━━ 12.3/12.3 MB 14.6 MB/s eta 0:00:00
Downloading scipy-1.18.1-cp314-cp314-manylinux_2_27_x86_64.manylinux_2_28_x86_64.whl (35.3 MB)
   ━━━━━━━━━━━━━━━━━━━━━━━━━━━━━━━━━━━━━━━━ 35.3/35.3 MB 14.9 MB/s eta 0:00:00
Downloading pytest-9.1.1-py3-none-any.whl (386 kB)
Downloading pytest_cov-7.1.0-py3-none-any.whl (22 kB)
Downloading ruff-0.16.7-py3-none-manylinux_2_17_x86_64.manylinux2014_x86_64.whl (10.4 MB)
   ━━━━━━━━━━━━━━━━━━━━━━━━━━━━━━━━━━━━━━━━ 10.4/10.4 MB 16.5 MB/s eta 0:00:00
Downloading mypy-1.20.2-cp314-cp314-manylinux2014_x86_64.manylinux_2_17_x86_64.manylinux_2_28_x86_64.whl (14.7 MB)
   ━━━━━━━━━━━━━━━━━━━━━━━━━━━━━━━━━━━━━━━━ 14.7/14.7 MB 16.0 MB/s eta 0:00:00
Downloading pandas_stubs-2.3.3.260113-py3-none-any.whl (168 kB)
Downloading pluggy-1.6.0-py3-none-any.whl (20 kB)
Downloading coverage-7.16.0-cp314-cp314-manylinux1_x86_64.manylinux_2_28_x86_64.manylinux_2_5_x86_64.whl (257 kB)
Downloading iniconfig-2.3.0-py3-none-any.whl (7.5 kB)
Downloading librt-0.15.0-cp314-cp314-manylinux2014_x86_64.manylinux_2_17_x86_64.manylinux_2_28_x86_64.whl (523 kB)
Downloading mypy_extensions-1.1.0-py3-none-any.whl (5.0 kB)
Downloading packaging-26.3-py3-none-any.whl (129 kB)
Downloading pathspec-1.1.1-py3-none-any.whl (57 kB)
Downloading pygments-2.21.0-py3-none-any.whl (1.3 MB)
   ━━━━━━━━━━━━━━━━━━━━━━━━━━━━━━━━━━━━━━━━ 1.3/1.3 MB 16.0 MB/s eta 0:00:00
Downloading python_dateutil-2.9.0.post0-py2.py3-none-any.whl (229 kB)
Downloading pytz-2026.3.post1-py2.py3-none-any.whl (508 kB)
Downloading six-1.17.0-py2.py3-none-any.whl (11 kB)
Downloading types_pytz-2026.3.1.20260727-py3-none-any.whl (10 kB)
Downloading typing_extensions-4.16.0-py3-none-any.whl (45 kB)
Downloading tzdata-2026.4-py2.py3-none-any.whl (347 kB)
Installing collected packages: pytz, tzdata, typing_extensions, types-pytz, six, ruff, pygments, pluggy, pathspec, packaging, numpy, mypy_extensions, librt, iniconfig, coverage, scipy, python-dateutil, pytest, pandas-stubs, mypy, pytest-cov, pandas, sentinela

Successfully installed coverage-7.16.0 iniconfig-2.3.0 librt-0.15.0 mypy-1.20.2 mypy_extensions-1.1.0 numpy-2.5.3 packaging-26.3 pandas-2.3.3 pandas-stubs-2.3.3.260113 pathspec-1.1.1 pluggy-1.6.0 pygments-2.21.0 pytest-9.1.1 pytest-cov-7.1.0 python-dateutil-2.9.0.post0 pytz-2026.3.post1 ruff-0.16.7 scipy-1.18.1 sentinela-1.0.0 six-1.17.0 types-pytz-2026.3.1.20260727 typing_extensions-4.16.0 tzdata-2026.4
